******************************************************************************
                  MSP430 Linker Unix v20.2.0                   
******************************************************************************
>> Linked Wed Aug 12 14:25:17 2020

OUTPUT FILE NAME:   <gimbal_ocam.out>
ENTRY POINT SYMBOL: "_c_int00_noargs"  address: 0000dc5a


MEMORY CONFIGURATION

         name            origin    length      used     unused   attr    fill
----------------------  --------  ---------  --------  --------  ----  --------
  SFR                   00000000   00000010  00000000  00000010  RWIX
  PERIPHERALS_8BIT      00000010   000000f0  00000000  000000f0  RWIX
  PERIPHERALS_16BIT     00000100   00000100  00000000  00000100  RWIX
  RAM                   00000200   00000200  000000aa  00000156  RWIX
  INFOD                 00001000   00000040  00000000  00000040  RWIX
  INFOC                 00001040   00000040  00000000  00000040  RWIX
  INFOB                 00001080   00000040  00000000  00000040  RWIX
  INFOA                 000010c0   00000040  00000000  00000040  RWIX
  FLASH                 0000c000   00003fde  00001dc4  0000221a  RWIX
  BSLSIGNATURE          0000ffde   00000002  00000002  00000000  RWIX  ffff 
  INT00                 0000ffe0   00000002  00000002  00000000  RWIX
  INT01                 0000ffe2   00000002  00000000  00000002  RWIX
  INT02                 0000ffe4   00000002  00000002  00000000  RWIX
  INT03                 0000ffe6   00000002  00000002  00000000  RWIX
  INT04                 0000ffe8   00000002  00000000  00000002  RWIX
  INT05                 0000ffea   00000002  00000002  00000000  RWIX
  INT06                 0000ffec   00000002  00000002  00000000  RWIX
  INT07                 0000ffee   00000002  00000002  00000000  RWIX
  INT08                 0000fff0   00000002  00000002  00000000  RWIX
  INT09                 0000fff2   00000002  00000002  00000000  RWIX
  INT10                 0000fff4   00000002  00000002  00000000  RWIX
  INT11                 0000fff6   00000002  00000002  00000000  RWIX
  INT12                 0000fff8   00000002  00000002  00000000  RWIX
  INT13                 0000fffa   00000002  00000002  00000000  RWIX
  INT14                 0000fffc   00000002  00000002  00000000  RWIX
  RESET                 0000fffe   00000002  00000002  00000000  RWIX


SECTION ALLOCATION MAP

 output                                  attributes/
section   page    origin      length       input sections
--------  ----  ----------  ----------   ----------------
.data      0    00000200    00000056     UNINITIALIZED
                  00000200    0000001c     main.obj (.data)
                  0000021c    00000008     main.obj (.data:Kd)
                  00000224    00000008     main.obj (.data:Ki)
                  0000022c    00000008     main.obj (.data:Kp)
                  00000234    00000008     main.obj (.data:controller)
                  0000023c    00000008     main.obj (.data:duty)
                  00000244    00000006     main.obj (.data:strReceiver)
                  0000024a    00000004     main.obj (.data:Sumerror)
                  0000024e    00000004     main.obj (.data:error)
                  00000252    00000004     main.obj (.data:errorAnte)

.bss       0    00000256    00000004     UNINITIALIZED
                  00000256    00000002     (.common:CX)
                  00000258    00000002     (.common:CY)

.stack     0    000003b0    00000050     UNINITIALIZED
                  000003b0    00000002     rts430_eabi.lib : boot.c.obj (.stack)
                  000003b2    0000004e     --HOLE--

.text      0    0000c000    00001d96     
                  0000c000    00000478     rts430_eabi.lib : frcdivd.c.obj (.text:__TI_frcdivd)
                  0000c478    00000300     main.obj (.text:readCoordinates)
                  0000c778    000002fa     rts430_eabi.lib : addd.c.obj (.text:__mspabi_addd)
                  0000ca72    00000286                     : frcmpyd.c.obj (.text:__TI_frcmpyd)
                  0000ccf8    0000026e                     : mpyd.c.obj (.text:__mspabi_mpyd)
                  0000cf66    00000260                     : frcaddd.c.obj (.text:__TI_frcaddd)
                  0000d1c6    00000238                     : divd.c.obj (.text:__mspabi_divd)
                  0000d3fe    00000132                     : fs_add.asm.obj (.text)
                  0000d530    000000c4                     : fs_mpy.asm.obj (.text)
                  0000d5f4    000000be                     : renormd.c.obj (.text:__TI_renormd)
                  0000d6b2    0000008c                     : cvtdf.c.obj (.text:__mspabi_cvtdf)
                  0000d73e    0000007c                     : copy_decompress_lzss.c.obj (.text:decompress:lzss:__TI_decompress_lzss)
                  0000d7ba    00000070                     : cvtfd.c.obj (.text:__mspabi_cvtfd)
                  0000d82a    00000068                     : fs_toi.asm.obj (.text)
                  0000d892    0000005c                     : lsr32.asm.obj (.text:l_lsr_const)
                  0000d8ee    0000005a     main.obj (.text:strtoint)
                  0000d948    00000050     main.obj (.text:main)
                  0000d998    0000004c     rts430_eabi.lib : lsr16.asm.obj (.text)
                  0000d9e4    0000004a                     : fs_cmp.asm.obj (.text)
                  0000da2e    00000042                     : autoinit.c.obj (.text:__TI_auto_init_nobinit_nopinit:__TI_auto_init_nobinit_nopinit)
                  0000da70    0000003e                     : asr32.asm.obj (.text:l_asr_const)
                  0000daae    0000003e                     : lsl32.asm.obj (.text:l_lsl_const)
                  0000daec    00000036     ros.obj (.text:initROS)
                  0000db22    00000036     rts430_eabi.lib : fs_itof.asm.obj (.text)
                  0000db58    00000036     uart.obj (.text:uartInit)
                  0000db8e    0000002e     rts430_eabi.lib : subd.c.obj (.text:__mspabi_subd)
                  0000dbbc    0000002c                     : asr16.asm.obj (.text)
                  0000dbe8    0000002c                     : lsl16.asm.obj (.text)
                  0000dc14    00000026                     : mult32.asm.obj (.text)
                  0000dc3a    00000020     main.obj (.text:configIO)
                  0000dc5a    0000001c     rts430_eabi.lib : boot.c.obj (.text:_c_int00_noargs)
                  0000dc76    0000001c     clock.obj (.text:pwmInit)
                  0000dc92    00000014     rts430_eabi.lib : copy_zero_init.c.obj (.text:decompress:ZI:__TI_zero_init_nomemset:__TI_zero_init_nomemset)
                  0000dca6    00000014     clock.obj (.text:pwm)
                  0000dcba    00000014     rts430_eabi.lib : mult16.asm.obj (.text)
                  0000dcce    00000014     clock.obj (.text:timerAInit)
                  0000dce2    00000012     rts430_eabi.lib : copy_decompress_none.c.obj (.text:decompress:none:__TI_decompress_none)
                  0000dcf4    00000012                     : lsr32.asm.obj (.text:l_lsr)
                  0000dd06    00000012                     : memcpy.c.obj (.text:memcpy)
                  0000dd18    00000010                     : asr32.asm.obj (.text:l_asr)
                  0000dd28    00000010                     : lsl32.asm.obj (.text:l_lsl)
                  0000dd38    00000010                     : epilog.asm.obj (.text)
                  0000dd48    0000000e     clock.obj (.text:clockInit)
                  0000dd56    0000000c     uart.obj (.text:readChar)
                  0000dd62    0000000c     uart.obj (.text:writeChar)
                  0000dd6e    0000000a     main.obj (.text:ReceiveInterrupt)
                  0000dd78    0000000a     main.obj (.text:Timer_A_CCRO_ISR)
                  0000dd82    00000008     rts430_eabi.lib : isr_trap.asm.obj (.text:_isr:__TI_ISR_TRAP)
                  0000dd8a    00000006                     : exit.c.obj (.text:abort)
                  0000dd90    00000004                     : pre_init.c.obj (.text:_system_pre_init)
                  0000dd94    00000002                     : startup.c.obj (.text:_system_post_cinit)

.cinit     0    0000dd96    0000002e     
                  0000dd96    0000001c     (.cinit..data.load) [load image, compression = lzss]
                  0000ddb2    00000006     (__TI_handler_table)
                  0000ddb8    00000004     (.cinit..bss.load) [load image, compression = zero_init]
                  0000ddbc    00000008     (__TI_cinit_table)

.binit     0    0000c000    00000000     

.init_array 
*          0    0000c000    00000000     UNINITIALIZED

TRAPINT    0    0000ffe0    00000002     
                  0000ffe0    00000002     rts430_eabi.lib : int00.asm.obj (.int00)

PORT1      0    0000ffe4    00000002     
                  0000ffe4    00000002     rts430_eabi.lib : int02.asm.obj (.int02)

PORT2      0    0000ffe6    00000002     
                  0000ffe6    00000002     rts430_eabi.lib : int03.asm.obj (.int03)

ADC10      0    0000ffea    00000002     
                  0000ffea    00000002     rts430_eabi.lib : int05.asm.obj (.int05)

USCIAB0TX 
*          0    0000ffec    00000002     
                  0000ffec    00000002     rts430_eabi.lib : int06.asm.obj (.int06)

USCIAB0RX 
*          0    0000ffee    00000002     
                  0000ffee    00000002     main.obj (.int07)

TIMER0_A1 
*          0    0000fff0    00000002     
                  0000fff0    00000002     rts430_eabi.lib : int08.asm.obj (.int08)

TIMER0_A0 
*          0    0000fff2    00000002     
                  0000fff2    00000002     main.obj (.int09)

WDT        0    0000fff4    00000002     
                  0000fff4    00000002     rts430_eabi.lib : int10.asm.obj (.int10)

COMPARATORA 
*          0    0000fff6    00000002     
                  0000fff6    00000002     rts430_eabi.lib : int11.asm.obj (.int11)

TIMER1_A1 
*          0    0000fff8    00000002     
                  0000fff8    00000002     rts430_eabi.lib : int12.asm.obj (.int12)

TIMER1_A0 
*          0    0000fffa    00000002     
                  0000fffa    00000002     rts430_eabi.lib : int13.asm.obj (.int13)

NMI        0    0000fffc    00000002     
                  0000fffc    00000002     rts430_eabi.lib : int14.asm.obj (.int14)

.reset     0    0000fffe    00000002     
                  0000fffe    00000002     rts430_eabi.lib : boot.c.obj (.reset)

$fill000   0    0000ffde    00000002     
                  0000ffde    00000002     --HOLE-- [fill = ffff]

MODULE SUMMARY

       Module                       code   ro data   rw data
       ------                       ----   -------   -------
    ./
       main.obj                     990    4         90     
       clock.obj                    82     0         0      
       uart.obj                     78     0         0      
       ros.obj                      54     0         0      
    +--+----------------------------+------+---------+---------+
       Total:                       1204   4         90     
                                                            
    /home/marco/ti/ccs1000/ccs/tools/compiler/ti-cgt-msp430_20.2.0.LTS/lib/rts430_eabi.lib
       frcdivd.c.obj                1144   0         0      
       addd.c.obj                   762    0         0      
       frcmpyd.c.obj                646    0         0      
       mpyd.c.obj                   622    0         0      
       frcaddd.c.obj                608    0         0      
       divd.c.obj                   568    0         0      
       fs_add.asm.obj               306    0         0      
       fs_mpy.asm.obj               196    0         0      
       renormd.c.obj                190    0         0      
       cvtdf.c.obj                  140    0         0      
       copy_decompress_lzss.c.obj   124    0         0      
       cvtfd.c.obj                  112    0         0      
       lsr32.asm.obj                110    0         0      
       fs_toi.asm.obj               104    0         0      
       asr32.asm.obj                78     0         0      
       lsl32.asm.obj                78     0         0      
       lsr16.asm.obj                76     0         0      
       fs_cmp.asm.obj               74     0         0      
       autoinit.c.obj               66     0         0      
       fs_itof.asm.obj              54     0         0      
       subd.c.obj                   46     0         0      
       asr16.asm.obj                44     0         0      
       lsl16.asm.obj                44     0         0      
       mult32.asm.obj               38     0         0      
       boot.c.obj                   28     2         0      
       copy_zero_init.c.obj         20     0         0      
       mult16.asm.obj               20     0         0      
       copy_decompress_none.c.obj   18     0         0      
       memcpy.c.obj                 18     0         0      
       epilog.asm.obj               16     0         0      
       isr_trap.asm.obj             8      0         0      
       exit.c.obj                   6      0         0      
       pre_init.c.obj               4      0         0      
       int00.asm.obj                0      2         0      
       int02.asm.obj                0      2         0      
       int03.asm.obj                0      2         0      
       int05.asm.obj                0      2         0      
       int06.asm.obj                0      2         0      
       int08.asm.obj                0      2         0      
       int10.asm.obj                0      2         0      
       int11.asm.obj                0      2         0      
       int12.asm.obj                0      2         0      
       int13.asm.obj                0      2         0      
       int14.asm.obj                0      2         0      
       startup.c.obj                2      0         0      
    +--+----------------------------+------+---------+---------+
       Total:                       6370   24        0      
                                                            
       Stack:                       0      0         80     
       Linker Generated:            0      46        0      
    +--+----------------------------+------+---------+---------+
       Grand Total:                 7574   74        170    


LINKER GENERATED COPY TABLES

__TI_cinit_table @ 0000ddbc records: 2, size/record: 4, table size: 8
	.data: load addr=0000dd96, load size=0000001c bytes, run addr=00000200, run size=00000056 bytes, compression=lzss
	.bss: load addr=0000ddb8, load size=00000004 bytes, run addr=00000256, run size=00000004 bytes, compression=zero_init


LINKER GENERATED HANDLER TABLE

__TI_handler_table @ 0000ddb2 records: 3, size/record: 2, table size: 6
	index: 0, handler: __TI_zero_init
	index: 1, handler: __TI_decompress_lzss
	index: 2, handler: __TI_decompress_none


GLOBAL SYMBOLS: SORTED ALPHABETICALLY BY Name 

address   name                          
-------   ----                          
0000004a  ADC10AE0                      
000001b0  ADC10CTL0                     
000001b2  ADC10CTL1                     
00000048  ADC10DTC0                     
00000049  ADC10DTC1                     
000001b4  ADC10MEM                      
000001bc  ADC10SA                       
00000057  BCSCTL1                       
00000058  BCSCTL2                       
00000053  BCSCTL3                       
0000dd8a  C$$EXIT                       
00000059  CACTL1                        
0000005a  CACTL2                        
000010fb  CALBC1_12MHZ                  
000010f9  CALBC1_16MHZ                  
000010ff  CALBC1_1MHZ                   
000010fd  CALBC1_8MHZ                   
000010fa  CALDCO_12MHZ                  
000010f8  CALDCO_16MHZ                  
000010fe  CALDCO_1MHZ                   
000010fc  CALDCO_8MHZ                   
0000005b  CAPD                          
00000256  CX                            
00000258  CY                            
00000056  DCOCTL                        
00000128  FCTL1                         
0000012a  FCTL2                         
0000012c  FCTL3                         
00000206  FLAG_COMPLETE                 
00000000  IE1                           
00000001  IE2                           
00000002  IFG1                          
00000003  IFG2                          
00000200  INIT_FLAG                     
0000021c  Kd                            
00000224  Ki                            
0000022c  Kp                            
00000218  LHSM1CCW                      
00000210  LHSM1CW                       
00000214  LLSM1CCW                      
0000020c  LLSM1CW                       
00000022  P1DIR                         
00000025  P1IE                          
00000024  P1IES                         
00000023  P1IFG                         
00000020  P1IN                          
00000021  P1OUT                         
00000027  P1REN                         
00000026  P1SEL                         
00000041  P1SEL2                        
0000002a  P2DIR                         
0000002d  P2IE                          
0000002c  P2IES                         
0000002b  P2IFG                         
00000028  P2IN                          
00000029  P2OUT                         
0000002f  P2REN                         
0000002e  P2SEL                         
00000042  P2SEL2                        
0000001a  P3DIR                         
00000018  P3IN                          
00000019  P3OUT                         
00000010  P3REN                         
0000001b  P3SEL                         
00000043  P3SEL2                        
0000dd6e  ReceiveInterrupt              
0000024a  Sumerror                      
00000172  TA0CCR0                       
00000174  TA0CCR1                       
00000176  TA0CCR2                       
00000162  TA0CCTL0                      
00000164  TA0CCTL1                      
00000166  TA0CCTL2                      
00000160  TA0CTL                        
0000012e  TA0IV                         
00000170  TA0R                          
00000192  TA1CCR0                       
00000194  TA1CCR1                       
00000196  TA1CCR2                       
00000182  TA1CCTL0                      
00000184  TA1CCTL1                      
00000186  TA1CCTL2                      
00000180  TA1CTL                        
0000011e  TA1IV                         
00000190  TA1R                          
00000204  TIMER_FLAG                    
000010db  TLV_ADC10_1_LEN               
000010da  TLV_ADC10_1_TAG               
000010c0  TLV_CHECKSUM                  
000010f7  TLV_DCO_30_LEN                
000010f6  TLV_DCO_30_TAG                
0000dd78  Timer_A_CCRO_ISR              
00000202  UART_FLAG                     
0000005d  UCA0ABCTL                     
00000062  UCA0BR0                       
00000063  UCA0BR1                       
00000060  UCA0CTL0                      
00000061  UCA0CTL1                      
0000005f  UCA0IRRCTL                    
0000005e  UCA0IRTCTL                    
00000064  UCA0MCTL                      
00000066  UCA0RXBUF                     
00000065  UCA0STAT                      
00000067  UCA0TXBUF                     
0000006a  UCB0BR0                       
0000006b  UCB0BR1                       
00000068  UCB0CTL0                      
00000069  UCB0CTL1                      
0000006c  UCB0I2CIE                     
00000118  UCB0I2COA                     
0000011a  UCB0I2CSA                     
0000006e  UCB0RXBUF                     
0000006d  UCB0STAT                      
0000006f  UCB0TXBUF                     
00000120  WDTCTL                        
00000400  __STACK_END                   
00000050  __STACK_SIZE                  
0000ddbc  __TI_CINIT_Base               
0000ddc4  __TI_CINIT_Limit              
0000ddb2  __TI_Handler_Table_Base       
0000ddb8  __TI_Handler_Table_Limit      
0000dd82  __TI_ISR_TRAP                 
0000da2e  __TI_auto_init_nobinit_nopinit
0000d73e  __TI_decompress_lzss          
0000dce2  __TI_decompress_none          
0000cf66  __TI_frcaddd                  
0000c000  __TI_frcdivd                  
0000ca72  __TI_frcmpyd                  
0000ffe0  __TI_int00                    
0000ffe4  __TI_int02                    
0000ffe6  __TI_int03                    
0000ffea  __TI_int05                    
0000ffec  __TI_int06                    
0000ffee  __TI_int07                    
0000fff0  __TI_int08                    
0000fff2  __TI_int09                    
0000fff4  __TI_int10                    
0000fff6  __TI_int11                    
0000fff8  __TI_int12                    
0000fffa  __TI_int13                    
0000fffc  __TI_int14                    
ffffffff  __TI_pprof_out_hndl           
ffffffff  __TI_prof_data_size           
ffffffff  __TI_prof_data_start          
0000d5f4  __TI_renormd                  
0000dc92  __TI_zero_init_nomemset       
ffffffff  __c_args__                    
0000c778  __mspabi_addd                 
0000d404  __mspabi_addf                 
0000d9e4  __mspabi_cmpf                 
0000d6b2  __mspabi_cvtdf                
0000d7ba  __mspabi_cvtfd                
0000d1c6  __mspabi_divd                 
0000d82a  __mspabi_fixfi                
0000db22  __mspabi_fltif                
0000dd44  __mspabi_func_epilog_1        
0000dd42  __mspabi_func_epilog_2        
0000dd40  __mspabi_func_epilog_3        
0000dd3e  __mspabi_func_epilog_4        
0000dd3c  __mspabi_func_epilog_5        
0000dd3a  __mspabi_func_epilog_6        
0000dd38  __mspabi_func_epilog_7        
0000ccf8  __mspabi_mpyd                 
0000d530  __mspabi_mpyf                 
0000dcba  __mspabi_mpyi                 
0000dcba  __mspabi_mpyi_sw              
0000dc14  __mspabi_mpyl                 
0000dc14  __mspabi_mpyl_sw              
0000dbe8  __mspabi_slli                 
0000dc10  __mspabi_slli_1               
0000dbfe  __mspabi_slli_10              
0000dbfc  __mspabi_slli_11              
0000dbfa  __mspabi_slli_12              
0000dbf8  __mspabi_slli_13              
0000dbf6  __mspabi_slli_14              
0000dbf4  __mspabi_slli_15              
0000dc0e  __mspabi_slli_2               
0000dc0c  __mspabi_slli_3               
0000dc0a  __mspabi_slli_4               
0000dc08  __mspabi_slli_5               
0000dc06  __mspabi_slli_6               
0000dc04  __mspabi_slli_7               
0000dc02  __mspabi_slli_8               
0000dc00  __mspabi_slli_9               
0000dd28  __mspabi_slll                 
0000dae6  __mspabi_slll_1               
0000dac2  __mspabi_slll_10              
0000dabe  __mspabi_slll_11              
0000daba  __mspabi_slll_12              
0000dab6  __mspabi_slll_13              
0000dab2  __mspabi_slll_14              
0000daae  __mspabi_slll_15              
0000dae2  __mspabi_slll_2               
0000dade  __mspabi_slll_3               
0000dada  __mspabi_slll_4               
0000dad6  __mspabi_slll_5               
0000dad2  __mspabi_slll_6               
0000dace  __mspabi_slll_7               
0000daca  __mspabi_slll_8               
0000dac6  __mspabi_slll_9               
0000dbbc  __mspabi_srai                 
0000dbe4  __mspabi_srai_1               
0000dbd2  __mspabi_srai_10              
0000dbd0  __mspabi_srai_11              
0000dbce  __mspabi_srai_12              
0000dbcc  __mspabi_srai_13              
0000dbca  __mspabi_srai_14              
0000dbc8  __mspabi_srai_15              
0000dbe2  __mspabi_srai_2               
0000dbe0  __mspabi_srai_3               
0000dbde  __mspabi_srai_4               
0000dbdc  __mspabi_srai_5               
0000dbda  __mspabi_srai_6               
0000dbd8  __mspabi_srai_7               
0000dbd6  __mspabi_srai_8               
0000dbd4  __mspabi_srai_9               
0000dd18  __mspabi_sral                 
0000daa8  __mspabi_sral_1               
0000da84  __mspabi_sral_10              
0000da80  __mspabi_sral_11              
0000da7c  __mspabi_sral_12              
0000da78  __mspabi_sral_13              
0000da74  __mspabi_sral_14              
0000da70  __mspabi_sral_15              
0000daa4  __mspabi_sral_2               
0000daa0  __mspabi_sral_3               
0000da9c  __mspabi_sral_4               
0000da98  __mspabi_sral_5               
0000da94  __mspabi_sral_6               
0000da90  __mspabi_sral_7               
0000da8c  __mspabi_sral_8               
0000da88  __mspabi_sral_9               
0000d998  __mspabi_srli                 
0000d9de  __mspabi_srli_1               
0000d9ba  __mspabi_srli_10              
0000d9b6  __mspabi_srli_11              
0000d9b2  __mspabi_srli_12              
0000d9ae  __mspabi_srli_13              
0000d9aa  __mspabi_srli_14              
0000d9a6  __mspabi_srli_15              
0000d9da  __mspabi_srli_2               
0000d9d6  __mspabi_srli_3               
0000d9d2  __mspabi_srli_4               
0000d9ce  __mspabi_srli_5               
0000d9ca  __mspabi_srli_6               
0000d9c6  __mspabi_srli_7               
0000d9c2  __mspabi_srli_8               
0000d9be  __mspabi_srli_9               
0000dcf4  __mspabi_srll                 
0000d8e6  __mspabi_srll_1               
0000d8b0  __mspabi_srll_10              
0000d8aa  __mspabi_srll_11              
0000d8a4  __mspabi_srll_12              
0000d89e  __mspabi_srll_13              
0000d898  __mspabi_srll_14              
0000d892  __mspabi_srll_15              
0000d8e0  __mspabi_srll_2               
0000d8da  __mspabi_srll_3               
0000d8d4  __mspabi_srll_4               
0000d8ce  __mspabi_srll_5               
0000d8c8  __mspabi_srll_6               
0000d8c2  __mspabi_srll_7               
0000d8bc  __mspabi_srll_8               
0000d8b6  __mspabi_srll_9               
0000db8e  __mspabi_subd                 
0000d3fe  __mspabi_subf                 
0000dc5a  _c_int00_noargs               
0000fffe  _reset_vector                 
000003b0  _stack                        
0000dd94  _system_post_cinit            
0000dd90  _system_pre_init              
0000dd8a  abort                         
00000208  cDato                         
0000dd48  clockInit                     
0000dc3a  configIO                      
00000234  controller                    
0000023c  duty                          
0000024e  error                         
00000252  errorAnte                     
0000020a  i                             
0000daec  initROS                       
0000d948  main                          
0000dd06  memcpy                        
0000dca6  pwm                           
0000dc76  pwmInit                       
0000dd56  readChar                      
0000c478  readCoordinates               
00000244  strReceiver                   
0000d8ee  strtoint                      
0000dcce  timerAInit                    
0000db58  uartInit                      
0000dd62  writeChar                     


GLOBAL SYMBOLS: SORTED BY Symbol Address 

address   name                          
-------   ----                          
00000000  IE1                           
00000001  IE2                           
00000002  IFG1                          
00000003  IFG2                          
00000010  P3REN                         
00000018  P3IN                          
00000019  P3OUT                         
0000001a  P3DIR                         
0000001b  P3SEL                         
00000020  P1IN                          
00000021  P1OUT                         
00000022  P1DIR                         
00000023  P1IFG                         
00000024  P1IES                         
00000025  P1IE                          
00000026  P1SEL                         
00000027  P1REN                         
00000028  P2IN                          
00000029  P2OUT                         
0000002a  P2DIR                         
0000002b  P2IFG                         
0000002c  P2IES                         
0000002d  P2IE                          
0000002e  P2SEL                         
0000002f  P2REN                         
00000041  P1SEL2                        
00000042  P2SEL2                        
00000043  P3SEL2                        
00000048  ADC10DTC0                     
00000049  ADC10DTC1                     
0000004a  ADC10AE0                      
00000050  __STACK_SIZE                  
00000053  BCSCTL3                       
00000056  DCOCTL                        
00000057  BCSCTL1                       
00000058  BCSCTL2                       
00000059  CACTL1                        
0000005a  CACTL2                        
0000005b  CAPD                          
0000005d  UCA0ABCTL                     
0000005e  UCA0IRTCTL                    
0000005f  UCA0IRRCTL                    
00000060  UCA0CTL0                      
00000061  UCA0CTL1                      
00000062  UCA0BR0                       
00000063  UCA0BR1                       
00000064  UCA0MCTL                      
00000065  UCA0STAT                      
00000066  UCA0RXBUF                     
00000067  UCA0TXBUF                     
00000068  UCB0CTL0                      
00000069  UCB0CTL1                      
0000006a  UCB0BR0                       
0000006b  UCB0BR1                       
0000006c  UCB0I2CIE                     
0000006d  UCB0STAT                      
0000006e  UCB0RXBUF                     
0000006f  UCB0TXBUF                     
00000118  UCB0I2COA                     
0000011a  UCB0I2CSA                     
0000011e  TA1IV                         
00000120  WDTCTL                        
00000128  FCTL1                         
0000012a  FCTL2                         
0000012c  FCTL3                         
0000012e  TA0IV                         
00000160  TA0CTL                        
00000162  TA0CCTL0                      
00000164  TA0CCTL1                      
00000166  TA0CCTL2                      
00000170  TA0R                          
00000172  TA0CCR0                       
00000174  TA0CCR1                       
00000176  TA0CCR2                       
00000180  TA1CTL                        
00000182  TA1CCTL0                      
00000184  TA1CCTL1                      
00000186  TA1CCTL2                      
00000190  TA1R                          
00000192  TA1CCR0                       
00000194  TA1CCR1                       
00000196  TA1CCR2                       
000001b0  ADC10CTL0                     
000001b2  ADC10CTL1                     
000001b4  ADC10MEM                      
000001bc  ADC10SA                       
00000200  INIT_FLAG                     
00000202  UART_FLAG                     
00000204  TIMER_FLAG                    
00000206  FLAG_COMPLETE                 
00000208  cDato                         
0000020a  i                             
0000020c  LLSM1CW                       
00000210  LHSM1CW                       
00000214  LLSM1CCW                      
00000218  LHSM1CCW                      
0000021c  Kd                            
00000224  Ki                            
0000022c  Kp                            
00000234  controller                    
0000023c  duty                          
00000244  strReceiver                   
0000024a  Sumerror                      
0000024e  error                         
00000252  errorAnte                     
00000256  CX                            
00000258  CY                            
000003b0  _stack                        
00000400  __STACK_END                   
000010c0  TLV_CHECKSUM                  
000010da  TLV_ADC10_1_TAG               
000010db  TLV_ADC10_1_LEN               
000010f6  TLV_DCO_30_TAG                
000010f7  TLV_DCO_30_LEN                
000010f8  CALDCO_16MHZ                  
000010f9  CALBC1_16MHZ                  
000010fa  CALDCO_12MHZ                  
000010fb  CALBC1_12MHZ                  
000010fc  CALDCO_8MHZ                   
000010fd  CALBC1_8MHZ                   
000010fe  CALDCO_1MHZ                   
000010ff  CALBC1_1MHZ                   
0000c000  __TI_frcdivd                  
0000c478  readCoordinates               
0000c778  __mspabi_addd                 
0000ca72  __TI_frcmpyd                  
0000ccf8  __mspabi_mpyd                 
0000cf66  __TI_frcaddd                  
0000d1c6  __mspabi_divd                 
0000d3fe  __mspabi_subf                 
0000d404  __mspabi_addf                 
0000d530  __mspabi_mpyf                 
0000d5f4  __TI_renormd                  
0000d6b2  __mspabi_cvtdf                
0000d73e  __TI_decompress_lzss          
0000d7ba  __mspabi_cvtfd                
0000d82a  __mspabi_fixfi                
0000d892  __mspabi_srll_15              
0000d898  __mspabi_srll_14              
0000d89e  __mspabi_srll_13              
0000d8a4  __mspabi_srll_12              
0000d8aa  __mspabi_srll_11              
0000d8b0  __mspabi_srll_10              
0000d8b6  __mspabi_srll_9               
0000d8bc  __mspabi_srll_8               
0000d8c2  __mspabi_srll_7               
0000d8c8  __mspabi_srll_6               
0000d8ce  __mspabi_srll_5               
0000d8d4  __mspabi_srll_4               
0000d8da  __mspabi_srll_3               
0000d8e0  __mspabi_srll_2               
0000d8e6  __mspabi_srll_1               
0000d8ee  strtoint                      
0000d948  main                          
0000d998  __mspabi_srli                 
0000d9a6  __mspabi_srli_15              
0000d9aa  __mspabi_srli_14              
0000d9ae  __mspabi_srli_13              
0000d9b2  __mspabi_srli_12              
0000d9b6  __mspabi_srli_11              
0000d9ba  __mspabi_srli_10              
0000d9be  __mspabi_srli_9               
0000d9c2  __mspabi_srli_8               
0000d9c6  __mspabi_srli_7               
0000d9ca  __mspabi_srli_6               
0000d9ce  __mspabi_srli_5               
0000d9d2  __mspabi_srli_4               
0000d9d6  __mspabi_srli_3               
0000d9da  __mspabi_srli_2               
0000d9de  __mspabi_srli_1               
0000d9e4  __mspabi_cmpf                 
0000da2e  __TI_auto_init_nobinit_nopinit
0000da70  __mspabi_sral_15              
0000da74  __mspabi_sral_14              
0000da78  __mspabi_sral_13              
0000da7c  __mspabi_sral_12              
0000da80  __mspabi_sral_11              
0000da84  __mspabi_sral_10              
0000da88  __mspabi_sral_9               
0000da8c  __mspabi_sral_8               
0000da90  __mspabi_sral_7               
0000da94  __mspabi_sral_6               
0000da98  __mspabi_sral_5               
0000da9c  __mspabi_sral_4               
0000daa0  __mspabi_sral_3               
0000daa4  __mspabi_sral_2               
0000daa8  __mspabi_sral_1               
0000daae  __mspabi_slll_15              
0000dab2  __mspabi_slll_14              
0000dab6  __mspabi_slll_13              
0000daba  __mspabi_slll_12              
0000dabe  __mspabi_slll_11              
0000dac2  __mspabi_slll_10              
0000dac6  __mspabi_slll_9               
0000daca  __mspabi_slll_8               
0000dace  __mspabi_slll_7               
0000dad2  __mspabi_slll_6               
0000dad6  __mspabi_slll_5               
0000dada  __mspabi_slll_4               
0000dade  __mspabi_slll_3               
0000dae2  __mspabi_slll_2               
0000dae6  __mspabi_slll_1               
0000daec  initROS                       
0000db22  __mspabi_fltif                
0000db58  uartInit                      
0000db8e  __mspabi_subd                 
0000dbbc  __mspabi_srai                 
0000dbc8  __mspabi_srai_15              
0000dbca  __mspabi_srai_14              
0000dbcc  __mspabi_srai_13              
0000dbce  __mspabi_srai_12              
0000dbd0  __mspabi_srai_11              
0000dbd2  __mspabi_srai_10              
0000dbd4  __mspabi_srai_9               
0000dbd6  __mspabi_srai_8               
0000dbd8  __mspabi_srai_7               
0000dbda  __mspabi_srai_6               
0000dbdc  __mspabi_srai_5               
0000dbde  __mspabi_srai_4               
0000dbe0  __mspabi_srai_3               
0000dbe2  __mspabi_srai_2               
0000dbe4  __mspabi_srai_1               
0000dbe8  __mspabi_slli                 
0000dbf4  __mspabi_slli_15              
0000dbf6  __mspabi_slli_14              
0000dbf8  __mspabi_slli_13              
0000dbfa  __mspabi_slli_12              
0000dbfc  __mspabi_slli_11              
0000dbfe  __mspabi_slli_10              
0000dc00  __mspabi_slli_9               
0000dc02  __mspabi_slli_8               
0000dc04  __mspabi_slli_7               
0000dc06  __mspabi_slli_6               
0000dc08  __mspabi_slli_5               
0000dc0a  __mspabi_slli_4               
0000dc0c  __mspabi_slli_3               
0000dc0e  __mspabi_slli_2               
0000dc10  __mspabi_slli_1               
0000dc14  __mspabi_mpyl                 
0000dc14  __mspabi_mpyl_sw              
0000dc3a  configIO                      
0000dc5a  _c_int00_noargs               
0000dc76  pwmInit                       
0000dc92  __TI_zero_init_nomemset       
0000dca6  pwm                           
0000dcba  __mspabi_mpyi                 
0000dcba  __mspabi_mpyi_sw              
0000dcce  timerAInit                    
0000dce2  __TI_decompress_none          
0000dcf4  __mspabi_srll                 
0000dd06  memcpy                        
0000dd18  __mspabi_sral                 
0000dd28  __mspabi_slll                 
0000dd38  __mspabi_func_epilog_7        
0000dd3a  __mspabi_func_epilog_6        
0000dd3c  __mspabi_func_epilog_5        
0000dd3e  __mspabi_func_epilog_4        
0000dd40  __mspabi_func_epilog_3        
0000dd42  __mspabi_func_epilog_2        
0000dd44  __mspabi_func_epilog_1        
0000dd48  clockInit                     
0000dd56  readChar                      
0000dd62  writeChar                     
0000dd6e  ReceiveInterrupt              
0000dd78  Timer_A_CCRO_ISR              
0000dd82  __TI_ISR_TRAP                 
0000dd8a  C$$EXIT                       
0000dd8a  abort                         
0000dd90  _system_pre_init              
0000dd94  _system_post_cinit            
0000ddb2  __TI_Handler_Table_Base       
0000ddb8  __TI_Handler_Table_Limit      
0000ddbc  __TI_CINIT_Base               
0000ddc4  __TI_CINIT_Limit              
0000ffe0  __TI_int00                    
0000ffe4  __TI_int02                    
0000ffe6  __TI_int03                    
0000ffea  __TI_int05                    
0000ffec  __TI_int06                    
0000ffee  __TI_int07                    
0000fff0  __TI_int08                    
0000fff2  __TI_int09                    
0000fff4  __TI_int10                    
0000fff6  __TI_int11                    
0000fff8  __TI_int12                    
0000fffa  __TI_int13                    
0000fffc  __TI_int14                    
0000fffe  _reset_vector                 
ffffffff  __TI_pprof_out_hndl           
ffffffff  __TI_prof_data_size           
ffffffff  __TI_prof_data_start          
ffffffff  __c_args__                    

[292 symbols]
